2025-07-20 15:36:13.111 | INFO     | main:connect_databases:55 - MongoDB connected
2025-07-20 15:36:13.162 | ERROR    | main:connect_databases:64 - PostgreSQL connection error: password authentication failed for user "postgres"
2025-07-20 15:36:17.673 | INFO     | main:connect_databases:55 - MongoDB connected
2025-07-20 15:36:17.722 | ERROR    | main:connect_databases:64 - PostgreSQL connection error: password authentication failed for user "postgres"
2025-07-20 15:36:17.723 | WARNING  | main:connect_databases:65 - Continuing without PostgreSQL - geospatial features will be disabled
2025-07-20 15:47:21.472 | INFO     | main:connect_databases:55 - MongoDB connected
2025-07-20 15:47:21.521 | ERROR    | main:connect_databases:64 - PostgreSQL connection error: password authentication failed for user "postgres"
2025-07-20 15:47:21.522 | WARNING  | main:connect_databases:65 - Continuing without PostgreSQL - geospatial features will be disabled
2025-07-20 15:47:55.904 | INFO     | main:connect_databases:55 - MongoDB connected
2025-07-20 15:47:55.957 | ERROR    | main:connect_databases:64 - PostgreSQL connection error: password authentication failed for user "postgres"
2025-07-20 15:47:55.958 | WARNING  | main:connect_databases:65 - Continuing without PostgreSQL - geospatial features will be disabled
2025-07-20 15:49:14.775 | INFO     | main:connect_databases:55 - MongoDB connected
2025-07-20 15:49:14.825 | ERROR    | main:connect_databases:64 - PostgreSQL connection error: password authentication failed for user "postgres"
2025-07-20 15:49:14.828 | WARNING  | main:connect_databases:65 - Continuing without PostgreSQL - geospatial features will be disabled
2025-07-20 20:30:10.617 | INFO     | main:connect_databases:55 - MongoDB connected
2025-07-20 20:30:10.668 | ERROR    | main:connect_databases:64 - PostgreSQL connection error: password authentication failed for user "postgres"
2025-07-20 20:30:10.669 | WARNING  | main:connect_databases:65 - Continuing without PostgreSQL - geospatial features will be disabled
2025-07-20 20:30:33.785 | INFO     | main:connect_databases:55 - MongoDB connected
2025-07-20 20:30:34.027 | INFO     | main:connect_databases:62 - PostgreSQL connected
2025-07-20 20:32:58.164 | INFO     | main:connect_databases:55 - MongoDB connected
2025-07-20 20:32:58.395 | INFO     | main:connect_databases:62 - PostgreSQL connected
2025-07-20 23:01:23.068 | INFO     | main:connect_databases:55 - MongoDB connected
2025-07-20 23:01:23.313 | INFO     | main:connect_databases:62 - PostgreSQL connected
2025-07-27 17:37:12.541 | INFO     | main:connect_databases:55 - MongoDB connected
2025-07-27 17:37:12.794 | INFO     | main:connect_databases:62 - PostgreSQL connected
2025-07-27 19:15:58.526 | INFO     | main:connect_databases:55 - MongoDB connected
2025-07-27 19:15:58.790 | INFO     | main:connect_databases:62 - PostgreSQL connected
2025-07-27 19:16:00.353 | INFO     | main:connect_databases:55 - MongoDB connected
2025-07-27 19:16:00.636 | INFO     | main:connect_databases:62 - PostgreSQL connected
2025-07-27 19:16:15.250 | INFO     | main:connect_databases:55 - MongoDB connected
2025-07-27 19:16:15.495 | INFO     | main:connect_databases:62 - PostgreSQL connected
2025-07-27 19:20:14.924 | INFO     | main:connect_databases:55 - MongoDB connected
2025-07-27 19:20:15.162 | INFO     | main:connect_databases:62 - PostgreSQL connected
2025-07-27 21:08:44.440 | ERROR    | main:test_analyze:162 - Error in /api/test-analyze: Client error '404 Not Found' for url 'http://localhost:8000/predict'
For more information check: https://developer.mozilla.org/en-US/docs/Web/HTTP/Status/404
2025-07-27 21:10:05.549 | INFO     | main:connect_databases:55 - MongoDB connected
2025-07-27 21:10:05.883 | INFO     | main:connect_databases:62 - PostgreSQL connected
2025-07-27 21:11:01.635 | ERROR    | main:test_analyze:164 - Error in /api/test-analyze: Client error '404 Not Found' for url 'http://localhost:8000/predict'
For more information check: https://developer.mozilla.org/en-US/docs/Web/HTTP/Status/404
2025-07-27 21:11:20.058 | ERROR    | main:test_analyze:164 - Error in /api/test-analyze: Client error '404 Not Found' for url 'http://localhost:8000/predict'
For more information check: https://developer.mozilla.org/en-US/docs/Web/HTTP/Status/404
2025-07-27 21:11:30.825 | INFO     | main:connect_databases:55 - MongoDB connected
2025-07-27 21:11:31.114 | INFO     | main:connect_databases:62 - PostgreSQL connected
2025-07-27 21:11:41.342 | INFO     | main:connect_databases:55 - MongoDB connected
2025-07-27 21:11:41.584 | INFO     | main:connect_databases:62 - PostgreSQL connected
2025-07-27 21:11:49.136 | ERROR    | main:test_analyze:164 - Error in /api/test-analyze: Client error '404 Not Found' for url 'http://localhost:8000/predict'
For more information check: https://developer.mozilla.org/en-US/docs/Web/HTTP/Status/404
2025-07-27 21:12:10.967 | INFO     | main:connect_databases:55 - MongoDB connected
2025-07-27 21:12:11.267 | INFO     | main:connect_databases:62 - PostgreSQL connected
2025-07-27 21:12:18.976 | INFO     | main:connect_databases:55 - MongoDB connected
2025-07-27 21:12:19.232 | INFO     | main:connect_databases:62 - PostgreSQL connected
2025-07-27 21:12:44.674 | ERROR    | main:test_analyze:165 - Error in /api/test-analyze: Client error '404 Not Found' for url 'http://localhost:8000/predict'
For more information check: https://developer.mozilla.org/en-US/docs/Web/HTTP/Status/404
2025-07-27 21:13:06.846 | INFO     | main:connect_databases:55 - MongoDB connected
2025-07-27 21:13:07.105 | INFO     | main:connect_databases:62 - PostgreSQL connected
2025-07-27 21:13:22.609 | ERROR    | main:test_analyze:165 - Error in /api/test-analyze: Client error '404 Not Found' for url 'http://localhost:8000/predict'
For more information check: https://developer.mozilla.org/en-US/docs/Web/HTTP/Status/404
2025-07-27 21:13:46.308 | INFO     | main:connect_databases:55 - MongoDB connected
2025-07-27 21:13:46.563 | INFO     | main:connect_databases:62 - PostgreSQL connected
2025-07-27 21:14:21.278 | INFO     | main:test_analyze:141 - Using AI service URL: http://localhost:8002/predict
2025-07-27 21:14:21.596 | INFO     | main:test_analyze:164 - Generated test report for Metro Manila
2025-07-27 21:21:44.083 | INFO     | main:test_analyze:141 - Using AI service URL: http://localhost:8002/predict
2025-07-27 21:21:44.357 | INFO     | main:test_analyze:164 - Generated test report for Metro Manila
2025-07-27 21:45:11.077 | INFO     | main:connect_databases:55 - MongoDB connected
2025-07-27 21:45:11.368 | INFO     | main:connect_databases:62 - PostgreSQL connected
2025-07-27 21:46:29.348 | INFO     | main:connect_databases:55 - MongoDB connected
2025-07-27 21:46:29.674 | INFO     | main:connect_databases:62 - PostgreSQL connected
2025-07-27 21:48:33.220 | INFO     | main:test_analyze:141 - Using AI service URL: http://localhost:8002/predict
2025-07-27 21:48:33.575 | INFO     | main:test_analyze:164 - Generated test report for Metro Manila
2025-08-03 22:44:47.391 | INFO     | main:connect_databases:55 - MongoDB connected
2025-08-03 22:44:47.660 | INFO     | main:connect_databases:62 - PostgreSQL connected
2025-08-03 22:48:42.821 | INFO     | main:test_analyze:141 - Using AI service URL: http://localhost:8002/predict
2025-08-03 22:48:43.170 | INFO     | main:test_analyze:164 - Generated test report for Quezon City
2025-08-09 13:23:37.837 | INFO     | main:connect_databases:55 - MongoDB connected
2025-08-09 13:23:38.094 | INFO     | main:connect_databases:62 - PostgreSQL connected
2025-08-09 13:25:20.420 | INFO     | main:test_analyze:141 - Using AI service URL: http://localhost:8002/predict
2025-08-09 13:25:20.765 | INFO     | main:test_analyze:164 - Generated test report for Quezon City
2025-08-09 13:26:21.084 | INFO     | main:test_analyze:141 - Using AI service URL: http://localhost:8002/predict
2025-08-09 13:26:21.370 | INFO     | main:test_analyze:164 - Generated test report for Cabadbaran City
